             TSM:  26.9901 ulcer, maxDrawDown: -52.254382306585%, maxDuration: 13
             SCV:  27.5399 ulcer, maxDrawDown: -61.021693473441%, maxDuration: 10
             GLD: 394.3028 ulcer, maxDrawDown: -78.319653951621%, maxDuration: 41
             LTT:  22.4209 ulcer, maxDrawDown: -42.207937686408%, maxDuration: 12
             STT:  12.7342 ulcer, maxDrawDown: -18.058318978548%, maxDuration: 12
             STB:   9.1765 ulcer, maxDrawDown: -19.129892058306%, maxDuration: 10

 GoldenButterfly:   3.4449 ulcer, maxDrawDown: -15.276870135832%, maxDuration:  3
