TSM: 30 years minSWR:  3.786147243198% at index  0
SCV: 30 years minSWR:  4.290436017377% at index  0
GLD: 30 years minSWR:  1.237461319261% at index 11
LTT: 30 years minSWR:  3.418591730793% at index  0
STT: 30 years minSWR:  3.973992467433% at index  3
STB: 30 years minSWR:  3.964961743366% at index  0

GoldenButterfly: 10 years minSWR:  9.331551382164% at index  0
GoldenButterfly: 20 years minSWR:  6.261364793803% at index  0
GoldenButterfly: 30 years minSWR:  5.304894298062% at index  0
GoldenButterfly: 40 years minSWR:  4.879017257737% at index  0
GoldenButterfly: 50 years minSWR:  4.665049136149% at index  0
