GoldenButterfly slope:    3.80346561718%
TSM slope:  17.881693306526%
SCV slope:   9.512301410849%
LTT slope:  12.407910644291%
STT slope:  -3.498991302696%
STB slope:  -1.102800374748%
GLD slope: -17.285585973071%
