TestExtraPWRMetrics/portfolio8way:

10-year PWRs:
     min: 3.538708145622%
     avg: 5.190623930554%
  stdDev:  0.95071328848%

30-year PWRs:
     min: 4.967890424538%
     avg: 5.731181704844%
  stdDev: 0.856546063188%

10-year PWR slope: -7.957544231712%
30-year PWR slope: -41.075561102112%

Overall portfolio slope: -20.379613050626%
