Draw-down sequence:
   84.723129864168%
   85.741451684724%
   95.086403371285%

Ulcer score: 3.444901507982281