GoldenButterfly:
  0.22 ┤                   ╭╮                                                                                   
  0.18 ┤                   ││           ╭╮                                                                      
  0.14 ┤             ╭╮    │╰╮   ╭─╮   ╭╯╰╮         ╭╮      ╭╮              ╭╮           ╭─╮                ╭─╮ 
  0.11 ┤   ╭──╮     ╭╯│   ╭╯ │   │ │   │  ╰╮       ╭╯│ ╭╮  ╭╯│ ╭─╮         ╭╯╰╮         ╭╯ │                │ ╰ 
  0.07 ┼  ╭╯  ╰╮   ╭╯ ╰╮  │  │   │ ╰╮ ╭╯   │  ╭─╮  │ ╰─╯╰╮ │ ╰─╯ ╰╮        │  ╰╮ ╭──╮   │  ╰╮╭──╮╭─╮  ╭──╮  │   
  0.03 ┤  │    │   │   ╰──╯  ╰╮  │  ╰╮│    ╰╮╭╯ ╰╮ │     │ │      ╰─────╮ ╭╯   ╰─╯  ╰╮ ╭╯   ╰╯  ╰╯ │ ╭╯  │ ╭╯   
 -0.00 ┤ ╭╯    ╰╮ ╭╯          │ ╭╯   ╰╯     ╰╯   │╭╯     ╰─╯            ╰─╯          │ │           ╰╮│   ╰╮│    
 -0.04 ┤ │      ╰╮│           ╰╮│                ╰╯                                  ╰─╯            ╰╯    ╰╯    
 -0.08 ┤╭╯       ╰╯            ╰╯                                                                               
 -0.12 ┤│                                                                                                       
 -0.15 ┼╯                                                                                                       

TSM:
  0.30 ┤                                                                                        ╭╮              
  0.24 ┤           ╭─╮                 ╭─╮          ╭╮     ╭─╮ ╭──╮         ╭╮          ╭╮     ╭╯│          ╭─╮ 
  0.17 ┤           │ ╰╮      ╭╮    ╭╮  │ ╰╮    ╭╮  ╭╯│     │ ╰─╯  ╰─╮       ││          │╰╮    │ ╰╮     ╭╮  │ ╰ 
  0.10 ┤   ╭──╮    │  │     ╭╯│  ╭─╯╰╮ │  │  ╭─╯╰╮ │ ╰╮    │        ╰╮     ╭╯╰╮   ╭╮    │ ╰╮  ╭╯  ╰╮  ╭─╯│ ╭╯   
  0.04 ┤  ╭╯  │    │  ╰╮  ╭─╯ ╰╮ │   │╭╯  ╰╮ │   │ │  ╰──╮╭╯         │     │  ╰───╯╰╮   │  ╰╮╭╯    ╰╮╭╯  ╰╮│    
 -0.03 ┼  │   │    │   │ ╭╯    │╭╯   ╰╯    ╰─╯   │╭╯     ╰╯          ╰╮    │        │  ╭╯   ╰╯      ╰╯    ││    
 -0.09 ┤ ╭╯   ╰╮  ╭╯   ╰─╯     ╰╯                ╰╯                   │    │        ╰╮ │                  ╰╯    
 -0.16 ┼─╯     │  │                                                   ╰──╮╭╯         │ │                        
 -0.23 ┤       │  │                                                      ╰╯          ╰╮│                        
 -0.29 ┤       ╰╮ │                                                                   ││                        
 -0.36 ┤        ╰─╯                                                                   ╰╯                        

SCV:
  0.44 ┤            ╭─╮                                                                                         
  0.37 ┤           ╭╯ │                                                                                         
  0.29 ┤           │  ╰╮          ╭─╮               ╭─╮        ╭╮           ╭╮                 ╭─╮              
  0.21 ┤           │   │         ╭╯ ╰╮ ╭─╮         ╭╯ ╰╮    ╭──╯╰╮          │╰╮         ╭──╮   │ ╰╮   ╭╮    ╭╮  
  0.14 ┼   ╭╮      │   │  ╭───╮ ╭╯   │ │ │   ╭─╮   │   ╰─╮ ╭╯    │   ╭──╮  ╭╯ ╰╮  ╭╮    │  │  ╭╯  │   │╰╮   │╰╮ 
  0.06 ┤  ╭╯╰─╮    │   ╰──╯   ╰─╯    │╭╯ ╰╮  │ ╰╮  │     │ │     ╰╮ ╭╯  ╰╮ │   ╰──╯│   ╭╯  ╰╮╭╯   ╰╮ ╭╯ ╰╮  │ ╰ 
 -0.02 ┤  │   │   ╭╯                 ╰╯   ╰╮╭╯  ╰╮ │     ╰─╯      │╭╯    │ │       ╰╮  │    ││     ╰╮│   ╰╮╭╯   
 -0.09 ┤ ╭╯   │   │                        ╰╯    │╭╯              ╰╯     ╰─╯        │  │    ╰╯      ╰╯    ││    
 -0.17 ┤╭╯    ╰╮  │                              ││                                 ╰╮ │                  ╰╯    
 -0.25 ┼╯      │  │                              ╰╯                                  ╰─╯                        
 -0.32 ┤       ╰──╯                                                                                             

LTT:
  0.31 ┤                         ╭╮                                                                             
  0.26 ┤                         ││     ╭╮                                                                      
  0.22 ┤                         │╰╮   ╭╯╰╮                                                 ╭╮    ╭╮            
  0.17 ┼                         │ │  ╭╯  │                ╭─╮                       ╭─╮   ╭╯│    ││          ╭ 
  0.13 ┤                         │ │  │   ╰╮   ╭╮  ╭─╮ ╭╮  │ │  ╭─╮   ╭╮  ╭╮         │ │   │ ╰╮   ││        ╭─╯ 
  0.09 ┤ ╭──╮        ╭╮         ╭╯ │ ╭╯    │  ╭╯╰╮ │ ╰─╯╰╮ │ │ ╭╯ ╰╮ ╭╯╰╮╭╯│        ╭╯ │  ╭╯  │  ╭╯╰╮       │   
  0.04 ┤ │  ╰╮      ╭╯╰╮        │  ╰─╯     │ ╭╯  ╰─╯     │ │ ╰╮│   │ │  ╰╯ ╰╮╭───╮ ╭╯  │  │   │  │  │  ╭─╮ ╭╯   
 -0.00 ┤╭╯   ╰╮    ╭╯  │        │          ╰╮│           │╭╯  ╰╯   │ │      ╰╯   ╰─╯   ╰╮╭╯   ╰╮ │  ╰──╯ ╰╮│    
 -0.05 ┤│     ╰╮ ╭─╯   ╰╮       │           ╰╯           ╰╯        ╰─╯                  ││     │ │        ╰╯    
 -0.09 ┤│      ╰─╯      ╰──╮   ╭╯                                                       ││     ╰╮│              
 -0.14 ┼╯                  ╰───╯                                                        ╰╯      ╰╯              

STT:
  0.15 ┤                         ╭╮                                                                             
  0.13 ┤                         ││                                                                             
  0.11 ┼                         │╰╮                                                                            
  0.09 ┤                         │ │  ╭──╮                                                                      
  0.07 ┤ ╭╮                     ╭╯ │ ╭╯  ╰╮        ╭╮                                                           
  0.05 ┤ │╰╮                    │  ╰─╯    ╰╮   ╭─╮ │╰╮     ╭─╮   ╭╮    ╭─╮           ╭─╮                        
  0.03 ┤ │ ╰╮        ╭╮         │          │   │ ╰─╯ ╰─╮   │ ╰╮╭─╯╰╮ ╭─╯ ╰╮         ╭╯ │                        
  0.01 ┤╭╯  ╰╮     ╭─╯│        ╭╯          ╰───╯       ╰─╮ │  ╰╯   ╰─╯    ╰─╮     ╭─╯  ╰╮                   ╭── 
 -0.01 ┤│    ╰╮    │  ╰╮      ╭╯                         │╭╯                ╰╮   ╭╯     │╭──╮    ╭────╮   ╭─╯   
 -0.03 ┼╯     ╰╮  ╭╯   ╰╮     │                          ╰╯                  ╰───╯      ╰╯  ╰────╯    ╰───╯     
 -0.05 ┤       ╰──╯     ╰─────╯                                                                                 

GLD:
  0.98 ┤                   ╭╮                                                                                   
  0.84 ┤                   ││                                                                                   
  0.71 ┤                   │╰╮                                                                                  
  0.58 ┼      ╭───╮       ╭╯ │                                                                                  
  0.45 ┤     ╭╯   │       │  │                                                                                  
  0.32 ┤    ╭╯    │      ╭╯  │                                            ╭─╮     ╭──╮  ╭──╮                  ╭ 
  0.19 ┤   ╭╯     ╰╮   ╭─╯   ╰╮         ╭────╮         ╭─╮               ╭╯ ╰─╮╭──╯  ╰──╯  ╰╮         ╭──╮ ╭──╯ 
  0.06 ┤ ╭─╯       │  ╭╯      │  ╭─╮   ╭╯    │        ╭╯ ╰────╮   ╭──╮ ╭─╯    ╰╯            ╰──╮  ╭╮ ╭╯  ╰─╯    
 -0.07 ┤╭╯         │ ╭╯       ╰╮ │ ╰─╮╭╯     ╰────────╯       ╰───╯  ╰─╯                       ╰╮╭╯╰─╯          
 -0.20 ┼╯          ╰─╯         │╭╯   ╰╯                                                         ╰╯              
 -0.33 ┤                       ╰╯                                                                               

