TSM: 30 years minPWR:  3.322156395936% at index  4
SCV: 30 years minPWR:  4.104193830509% at index  0
GLD: 30 years minPWR: -1.563081503984% at index  6
LTT: 30 years minPWR:  2.416128904379% at index  0
STT: 30 years minPWR:  1.084905955187% at index 23
STB: 30 years minPWR:  1.782747244169% at index 23

GoldenButterfly: 10 years minPWR:  2.275232806642% at index  0
GoldenButterfly: 20 years minPWR:  4.061918189046% at index  0
GoldenButterfly: 30 years minPWR:  4.393301958357% at index  0
GoldenButterfly: 40 years minPWR:  4.361313247274% at index  0
GoldenButterfly: 50 years minPWR:  4.436545903531% at index  0
