GoldenButterfly 10-year PWRs:
 0.067 ┤             ╭╮   ╭─╮    ╭─╮                                                        
 0.062 ┤           ╭─╯╰───╯ ╰╮   │ │               ╭─╮      ╭╮             ╭─╮              
 0.058 ┤   ╭╮     ╭╯         │   │ ╰─────╮     ╭╮  │ ╰╮    ╭╯│            ╭╯ ╰╮             
 0.053 ┤ ╭─╯│    ╭╯          ╰╮ ╭╯       ╰─╮ ╭─╯╰──╯  ╰╮  ╭╯ ╰╮╭─╮      ╭─╯   ╰──╮      ╭── 
 0.048 ┤ │  ╰╮  ╭╯            ╰─╯          ╰─╯         ╰──╯   ╰╯ ╰╮    ╭╯        ╰──╮╭──╯   
 0.043 ┤ │   │ ╭╯                                                 ╰╮  ╭╯            ╰╯      
 0.039 ┤ │   ╰─╯                                                   ╰──╯                     
 0.034 ┤╭╯                                                                                  
 0.029 ┤│                                                                                   
 0.024 ┤│                                                                                   
 0.019 ┼╯                                                                                   

GoldenButterfly 20-year PWRs:
 0.065 ┤            ╭─╮   ╭─╮    ╭─╮                                    
 0.063 ┤           ╭╯ ╰╮ ╭╯ ╰╮   │ │   ╭─╮          ╭╮                  
 0.060 ┤          ╭╯   ╰─╯   │  ╭╯ ╰╮ ╭╯ │         ╭╯╰╮     ╭╮          
 0.057 ┤          │          │  │   ╰─╯  ╰╮        │  ╰──╮ ╭╯│          
 0.055 ┤ ╭────╮  ╭╯          ╰──╯         ╰╮       │     ╰─╯ ╰╮         
 0.052 ┤ │    ╰╮╭╯                         ╰─────╮╭╯          ╰──╮      
 0.049 ┤ │     ╰╯                                ╰╯              ╰─╮  ╭ 
 0.047 ┤╭╯                                                         ╰╮╭╯ 
 0.044 ┤│                                                           ╰╯  
 0.041 ┤│                                                               
 0.039 ┼╯                                                               

GoldenButterfly 30-year PWRs:
 0.065 ┤                          ╭╮                
 0.062 ┤           ╭──╮          ╭╯│                
 0.060 ┤           │  ╰╮ ╭──╮    │ ╰╮  ╭─╮          
 0.058 ┤          ╭╯   ╰─╯  ╰╮   │  ╰──╯ │          
 0.056 ┤  ╭──╮    │          │  ╭╯       ╰╮         
 0.053 ┤ ╭╯  ╰╮  ╭╯          ╰╮╭╯         ╰╮        
 0.051 ┤ │    ╰╮╭╯            ╰╯           ╰╮╭───── 
 0.049 ┤ │     ╰╯                           ╰╯      
 0.047 ┤╭╯                                          
 0.044 ┤│                                           
 0.042 ┼╯                                           

