GoldenButterfly, 10-year PWR's:
 0.070 ┤         ╭╮ ╭╮       ╭╮                     
 0.059 ┤╭─╮  ╭───╯│ │╰──╮ ╭─╮││  ╭╮     ╭─╮     ╭╮  
 0.047 ┤│ ╰──╯    ╰─╯   ╰─╯ ╰╯╰──╯╰──╮╭─╯ ╰─────╯╰─ 
 0.035 ┤│                            ╰╯             
 0.023 ┼╯                                           

GoldenButterfly, 20-year PWR's:
 0.067 ┤     ╭─╮╭─╮ ╭╮ ╭╮    ╭╮  ╭╮       
 0.054 ┤╭────╯ ╰╯ ╰─╯╰─╯╰────╯╰──╯╰──╮╭── 
 0.041 ┼╯                            ╰╯   

GoldenButterfly, 30-year PWR's:
 0.066 ┤     ╭─╮ ╭╮ ╭╮ ╭╮    ╭╮ 
 0.055 ┤╭────╯ ╰─╯╰─╯╰─╯╰╮╭──╯╰ 
 0.044 ┼╯                ╰╯     

