GoldenButterfly:

10-year PWRs:
     min: 2.097163139978%
     avg: 5.224318736039%
  stdDev: 0.903879266341%

30-year PWRs:
     min: 4.300569961536%
     avg: 5.629443864929%
  stdDev: 0.548497253587%

10-year PWR slope: -0.651396573299%
30-year PWR slope:  0.528309181125%

Overall portfolio slope: 4.752555214629%
