TSM: baselineLongTermReturn:  3.060813637927%
SCV: baselineLongTermReturn:  5.925736306162%
GLD: baselineLongTermReturn: -5.204257311616%
LTT: baselineLongTermReturn:  2.216591965054%
STT: baselineLongTermReturn:  0.689940645539%
STB: baselineLongTermReturn:  1.167429595818%

GoldenButterfly: baselineLongTermReturn:  5.240937633854%
