TSM: baselineShortTermReturn: -2.907904796851%
SCV: baselineShortTermReturn:  1.936917994777%
GLD: baselineShortTermReturn: -11.359189663236%
LTT: baselineShortTermReturn:  0.639165311066%
STT: baselineShortTermReturn: -1.331675822829%
STB: baselineShortTermReturn: -0.641557870548%

GoldenButterfly: baselineShortTermReturn:  2.849119212885%
