TSM standardDeviation: 17.078108991176%
SCV standardDeviation: 19.218237997364%
GLD standardDeviation:  23.74001116857%
LTT standardDeviation: 12.217626655309%
STT standardDeviation:  4.344365376277%
STB standardDeviation:  4.858295901533%

GoldenButterfly standardDeviation:  8.113010994643%
