8-way, 10-year PWR's:
 0.080 ┼╮                         
 0.069 ┤╰╮   ╭╮  ╭╮               
 0.058 ┤ │╭─╮│╰─╮│╰─╮   ╭─╮       
 0.047 ┤ ╰╯ ╰╯  ╰╯  ╰╮╭─╯ ╰──╮╭── 
 0.035 ┤             ╰╯      ╰╯

8-way, 20-year PWR's:
 0.079 ┼╮               
 0.067 ┤╰╮              
 0.056 ┤ ╰──╮╭────╮   ╭ 
 0.045 ┤    ╰╯    ╰───╯

8-way, 30-year PWR's:
 0.074 ┼╮     
 0.062 ┤╰╮╭╮  
 0.050 ┤ ╰╯╰─

