TSM CAGR: 5.924856139463%
SCV CAGR: 7.363869666342%
LTT CAGR: 3.699598117548%
STT CAGR: 1.821005315305%
STB CAGR: 2.224589590693%
GLD CAGR: 2.926155590062%
GoldenButterfly CAGR: 5.35227865342%
